Microchip MPLAB XC8 Compiler V2.32

Linker command line:

-W-3 --edf=C:\Program Files\Microchip\xc8\v2.32\pic\dat\en_msgs.txt -cn \
  -h+dist/default/production\Lab2.X.production.sym \
  --cmf=dist/default/production\Lab2.X.production.cmf -z -Q16F887 \
  -oC:\Users\user\AppData\Local\Temp\xcAs76c.4 --defsym=__MPLAB_BUILD=1 \
  -Mdist/default/production/Lab2.X.production.map -E1 -ver=XC8 Compiler \
  --acfsm=1493 -ASTACK=0110h-016Fh -pstack=STACK -ACODE=00h-07FFhx4 \
  -ASTRCODE=00h-01FFFh -ASTRING=00h-0FFhx32 -ACONST=00h-0FFhx32 \
  -AENTRY=00h-0FFhx32 -ACOMMON=070h-07Fh -ABANK0=020h-06Fh \
  -ABANK1=0A0h-0EFh -ABANK2=0110h-016Fh -ABANK3=0190h-01EFh \
  -ARAM=020h-06Fh,0A0h-0EFh,0110h-016Fh,0190h-01EFh \
  -AABS1=020h-07Fh,0A0h-0EFh,0110h-016Fh,0190h-01EFh -ASFR0=00h-01Fh \
  -ASFR1=080h-09Fh -ASFR2=0100h-010Fh -ASFR3=0180h-018Fh \
  -ACONFIG=02007h-02008h -DCONFIG=2 -AIDLOC=02000h-02003h -DIDLOC=2 \
  -AEEDATA=00h-0FFh/02100h -peeprom_data=EEDATA -DEEDATA=2 -DCODE=2 \
  -DSTRCODE=2 -DSTRING=2 -DCONST=2 -DENTRY=2 \
  -preset_vec=00h,intentry=04h,init,end_init -ppowerup=CODE -pcinit=CODE \
  -pfunctab=ENTRY -k C:\Users\user\AppData\Local\Temp\xcAs76c.o \
  dist/default/production\Lab2.X.production.o 

Object code version is 3.11

Machine type is 16F887



                Name                               Link     Load   Length Selector   Space Scale
C:\Users\user\AppData\Local\Temp\xcAs76c.o
                end_init                              C        C        3        8       0
                reset_vec                             0        0        3        0       0
                config                             2007     2007        2        0       4
dist/default/production\Lab2.X.production.o
                cinit                                 F        F       17        8       0
                intentry                              4        4        8        8       0
                config                             2007     2007        2        0       4
                text21                              247      247       87        8       0
                text20                              5B6      5B6       33        8       0
                text19                              1A7      1A7       A0        8       0
                text18                              4BD      4BD       44        8       0
                text17                              57F      57F       37        8       0
                text16                              3C9      3C9       69        8       0
                text15                              689      689       17      CAA       0
                text14                              5E9      5E9       27        8       0
                text13                              501      501       41        8       0
                text12                               F5       F5       B2        8       0
                text11                               26       26       CF        8       0
                text10                              2CE      2CE       80        8       0
                text9                               6D4      6D4        6      CAA       0
                text8                               655      655       1B      CAA       0
                text7                               670      670       19      CAA       0
                text6                               610      610       26        8       0
                text5                               6B6      6B6       16      CAA       0
                text4                               432      432       46        8       0
                text3                               542      542       3D        8       0
                text2                               6A0      6A0       16      CAA       0
                text1                               478      478       45        8       0
                maintext                            34E      34E       7B        8       0
                cstackBANK0                          20       20       1B       20       1
                cstackCOMMON                         70       70        6       70       1
                clrtext                             6CC      6CC        8      CAA       0
                dataBANK0                            52       52        1       20       1
                bssBANK0                             3B       3B       17       20       1
                bssCOMMON                            76       76        4       70       1
                strings                             636      636       1F      C6C       0
                idataBANK0                          6DA      6DA        1      CAA       0

TOTAL           Name                               Link     Load   Length     Space
        CLASS   STACK          

        CLASS   CODE           
                end_init                              C        C        3         0
                cinit                                 F        F       17         0
                intentry                              4        4        8         0
                reset_vec                             0        0        3         0
                text21                              247      247       87         0
                text20                              5B6      5B6       33         0
                text19                              1A7      1A7       A0         0
                text18                              4BD      4BD       44         0
                text17                              57F      57F       37         0
                text16                              3C9      3C9       69         0
                text15                              689      689       17         0
                text14                              5E9      5E9       27         0
                text13                              501      501       41         0
                text12                               F5       F5       B2         0
                text11                               26       26       CF         0
                text10                              2CE      2CE       80         0
                text9                               6D4      6D4        6         0
                text8                               655      655       1B         0
                text7                               670      670       19         0
                text6                               610      610       26         0
                text5                               6B6      6B6       16         0
                text4                               432      432       46         0
                text3                               542      542       3D         0
                text2                               6A0      6A0       16         0
                text1                               478      478       45         0
                maintext                            34E      34E       7B         0
                clrtext                             6CC      6CC        8         0
                idataBANK0                          6DA      6DA        1         0

        CLASS   STRCODE        

        CLASS   STRING         
                strings                             636      636       1F         0

        CLASS   CONST          

        CLASS   ENTRY          

        CLASS   COMMON         
                cstackCOMMON                         70       70        6         1
                bssCOMMON                            76       76        4         1

        CLASS   BANK0          
                cstackBANK0                          20       20       1B         1
                dataBANK0                            52       52        1         1
                bssBANK0                             3B       3B       17         1

        CLASS   BANK1          

        CLASS   BANK2          

        CLASS   BANK3          

        CLASS   RAM            

        CLASS   ABS1           
                abs_s1                               7E       7E        2         1

        CLASS   SFR0           

        CLASS   SFR1           

        CLASS   SFR2           

        CLASS   SFR3           

        CLASS   CONFIG         
                config                             2007     2007        2         4

        CLASS   IDLOC          

        CLASS   EEDATA         



SEGMENTS        Name                           Load    Length   Top    Selector   Space  Class     Delta

                reset_vec                      000000  000003  000003         0       0  CODE        2
                intentry                       000004  000632  000636         8       0  CODE        2
                cstackBANK0                    000020  000033  000053        20       1  BANK0       1
                cstackCOMMON                   000070  00000A  00007A        70       1  COMMON      1
                strings                        000636  00001F  000655       C6C       0  STRING      2
                text8                          000655  000086  0006DB       CAA       0  CODE        2


UNUSED ADDRESS RANGES

        Name                Unused          Largest block    Delta
        BANK0            0053-006F             1D           1
        BANK1            00A0-00EF             50           1
        BANK2            0110-016F             60           1
        BANK3            0190-01EF             60           1
        CODE             0003-0003              1           2
                         06DB-1FFF            800
        COMMON           007A-007D              4           1
        CONST            0003-0003              1           2
                         06DB-1FFF            100
        EEDATA           2100-21FF            100           2
        ENTRY            0003-0003              1           2
                         06DB-1FFF            100
        IDLOC            2000-2003              4           2
        RAM              0053-006F             1D           1
                         00A0-00EF             50
                         0110-016F             60
                         0190-01EF             60
        SFR0             0000-001F             20           1
        SFR1             0080-009F             20           1
        SFR2             0100-010F             10           1
        SFR3             0180-018F             10           1
        STACK            0110-016F             60           1
        STRCODE          0003-0003              1           2
                         06DB-1FFF           1925
        STRING           0003-0003              1           2
                         06DB-1FFF            100

                                  Symbol Table

?___awdiv                  cstackBANK0  0024
?___wmul                   cstackBANK0  0020
ADC_init@chan              cstackCOMMON 0074
ADC_init@vel               cstackCOMMON 0075
Lcd_Cmd@a                  cstackCOMMON 0075
Lcd_Port@a                 cstackCOMMON 0074
Lcd_Set_Cursor@a           cstackBANK0  0024
Lcd_Set_Cursor@b           cstackBANK0  0022
Lcd_Set_Cursor@temp        cstackBANK0  0025
Lcd_Write_Char@a           cstackBANK0  0020
Lcd_Write_String@a         cstackBANK0  0032
Lcd_Write_String@i         cstackBANK0  0037
_AC1                       bssBANK0     0046
_AC2                       bssBANK0     0045
_AC3                       bssBANK0     0044
_AD1                       bssBANK0     0043
_AD2                       bssBANK0     0042
_AD3                       bssBANK0     0041
_ADCL                      text18       04BD
_ADCON0bits                (abs)        001F
_ADCON1                    (abs)        009F
_ADC_init                  text19       01A7
_ADRESH                    (abs)        001E
_ANSEL                     (abs)        0188
_ANSELH                    (abs)        0189
_AU1                       bssBANK0     0040
_AU2                       bssBANK0     003F
_AU3                       bssBANK0     003E
_BAUDCTLbits               (abs)        0187
_CONT                      bssBANK0     003B
_CONTADOR                  text17       057F
_Cen1                      bssCOMMON    0078
_Cen2                      bssBANK0     004E
_Cen3                      bssBANK0     004D
_Dec1                      bssBANK0     004C
_Dec2                      bssBANK0     004B
_Dec3                      bssBANK0     004A
_INTCONbits                (abs)        000B
_ISR                       text20       05B6
_LECT1                     text12       00F5
_LECT2                     text11       0026
_LECT2$1143                cstackBANK0  0035
_LECT3                     text10       02CE
_Lcd_Cmd                   text8        0655
_Lcd_Init                  text7        0670
_Lcd_Port                  text9        06D4
_Lcd_Set_Cursor            text6        0610
_Lcd_Write_Char            text5        06B6
_Lcd_Write_String          text4        0432
_OPTION_REG                (abs)        0081
_OSCCONbits                (abs)        008F
_PIE1bits                  (abs)        008C
_PIR1bits                  (abs)        000C
_PORTA                     (abs)        0005
_PORTB                     (abs)        0006
_PORTC                     (abs)        0007
_PORTD                     (abs)        0008
_PORTE                     (abs)        0009
_PORTEbits                 (abs)        0009
_RCREG                     (abs)        001A
_RCSTAbits                 (abs)        0018
_SPBRG                     (abs)        0099
_SPBRGH                    (abs)        009A
_Setup                     text3        0542
_T                         dataBANK0    0052
_TMR0                      (abs)        0001
_TRISA                     (abs)        0085
_TRISB                     (abs)        0086
_TRISC                     (abs)        0087
_TRISD                     (abs)        0088
_TRISE                     (abs)        0089
_TXREG                     (abs)        0019
_TXSTAbits                 (abs)        0098
_USARTcon                  text2        06A0
_Un1                       bssBANK0     0049
_Un2                       bssBANK0     0048
_Un3                       bssBANK0     0047
__Habs1                    abs1         0000
__Hbank0                   bank0        0000
__Hbank1                   bank1        0000
__Hbank2                   bank2        0000
__Hbank3                   bank3        0000
__HbssBANK0                bssBANK0     0000
__HbssCOMMON               bssCOMMON    0000
__Hcinit                   cinit        0026
__Hclrtext                 clrtext      0000
__Hcode                    code         0000
__Hcommon                  common       0000
__Hconfig                  config       2009
__HcstackBANK0             cstackBANK0  0000
__HcstackCOMMON            cstackCOMMON 0000
__HdataBANK0               dataBANK0    0000
__Heeprom_data             eeprom_data  0000
__Hend_init                end_init     000F
__Hfunctab                 functab      0000
__HidataBANK0              idataBANK0   0000
__Hinit                    init         000C
__Hintentry                intentry     000C
__Hmaintext                maintext     0000
__Hpowerup                 powerup      0000
__Hram                     ram          0000
__Hreset_vec               reset_vec    0003
__Hsfr0                    sfr0         0000
__Hsfr1                    sfr1         0000
__Hsfr2                    sfr2         0000
__Hsfr3                    sfr3         0000
__Hspace_0                 (abs)        06DB
__Hspace_1                 (abs)        007A
__Hspace_2                 (abs)        0000
__Hspace_3                 (abs)        0000
__Hspace_4                 (abs)        4010
__Hstack                   stack        0000
__Hstrings                 strings      0000
__Htext                    text         0000
__Labs1                    abs1         0000
__Lbank0                   bank0        0000
__Lbank1                   bank1        0000
__Lbank2                   bank2        0000
__Lbank3                   bank3        0000
__LbssBANK0                bssBANK0     0000
__LbssCOMMON               bssCOMMON    0000
__Lcinit                   cinit        000F
__Lclrtext                 clrtext      0000
__Lcode                    code         0000
__Lcommon                  common       0000
__Lconfig                  config       0000
__LcstackBANK0             cstackBANK0  0000
__LcstackCOMMON            cstackCOMMON 0000
__LdataBANK0               dataBANK0    0000
__Leeprom_data             eeprom_data  0000
__Lend_init                end_init     000C
__Lfunctab                 functab      0000
__LidataBANK0              idataBANK0   0000
__Linit                    init         000C
__Lintentry                intentry     0004
__Lmaintext                maintext     0000
__Lpowerup                 powerup      0000
__Lram                     ram          0000
__Lreset_vec               reset_vec    0000
__Lsfr0                    sfr0         0000
__Lsfr1                    sfr1         0000
__Lsfr2                    sfr2         0000
__Lsfr3                    sfr3         0000
__Lspace_0                 (abs)        0000
__Lspace_1                 (abs)        0000
__Lspace_2                 (abs)        0000
__Lspace_3                 (abs)        0000
__Lspace_4                 (abs)        0000
__Lstack                   stack        0000
__Lstrings                 strings      0000
__Ltext                    text         0000
__S0                       (abs)        06DB
__S1                       (abs)        007A
__S2                       (abs)        0000
__S3                       (abs)        0000
___awdiv                   text16       03C9
___awdiv@counter           cstackBANK0  0029
___awdiv@dividend          cstackBANK0  0026
___awdiv@divisor           cstackBANK0  0024
___awdiv@quotient          cstackBANK0  002B
___awdiv@sign              cstackBANK0  002A
___bmul                    text15       0689
___bmul@multiplicand       cstackCOMMON 0074
___bmul@multiplier         cstackBANK0  0021
___bmul@product            cstackBANK0  0020
___int_sp                  stack        0000
___latbits                 (abs)        0002
___sp                      stack        0000
___stackhi                 (abs)        0000
___stacklo                 (abs)        0000
___wmul                    text14       05E9
___wmul@multiplicand       cstackBANK0  0022
___wmul@multiplier         cstackBANK0  0020
___wmul@product            cstackCOMMON 0074
__end_of_ADCL              text18       0501
__end_of_ADC_init          text19       0247
__end_of_CONTADOR          text17       05B6
__end_of_ISR               text20       05E9
__end_of_LECT1             text12       01A7
__end_of_LECT2             text11       00F5
__end_of_LECT3             text10       034E
__end_of_Lcd_Cmd           text8        0670
__end_of_Lcd_Init          text7        0689
__end_of_Lcd_Port          text9        06DA
__end_of_Lcd_Set_Cursor    text6        0636
__end_of_Lcd_Write_Char    text5        06CC
__end_of_Lcd_Write_String  text4        0478
__end_of_Setup             text3        057F
__end_of_USARTcon          text2        06B6
__end_of___awdiv           text16       0432
__end_of___bmul            text15       06A0
__end_of___wmul            text14       0610
__end_of__initialization   cinit        0022
__end_of__stringtab        strings      0646
__end_of_conver            text1        04BD
__end_of_envio             text21       02CE
__end_of_main              maintext     03C9
__end_of_num_ascii         text13       0542
__initialization           cinit        000F
__pbssBANK0                bssBANK0     003B
__pbssCOMMON               bssCOMMON    0076
__pcstackBANK0             cstackBANK0  0020
__pcstackCOMMON            cstackCOMMON 0070
__pdataBANK0               dataBANK0    0052
__pidataBANK0              idataBANK0   06DA
__pintentry                intentry     0004
__pmaintext                maintext     034E
__pstrings                 strings      0636
__ptext1                   text1        0478
__ptext10                  text10       02CE
__ptext11                  text11       0026
__ptext12                  text12       00F5
__ptext13                  text13       0501
__ptext14                  text14       05E9
__ptext15                  text15       0689
__ptext16                  text16       03C9
__ptext17                  text17       057F
__ptext18                  text18       04BD
__ptext19                  text19       01A7
__ptext2                   text2        06A0
__ptext20                  text20       05B6
__ptext21                  text21       0247
__ptext3                   text3        0542
__ptext4                   text4        0432
__ptext5                   text5        06B6
__ptext6                   text6        0610
__ptext7                   text7        0670
__ptext8                   text8        0655
__ptext9                   text9        06D4
__size_of_ADCL             (abs)        0000
__size_of_ADC_init         (abs)        0000
__size_of_CONTADOR         (abs)        0000
__size_of_ISR              (abs)        0000
__size_of_LECT1            (abs)        0000
__size_of_LECT2            (abs)        0000
__size_of_LECT3            (abs)        0000
__size_of_Lcd_Cmd          (abs)        0000
__size_of_Lcd_Init         (abs)        0000
__size_of_Lcd_Port         (abs)        0000
__size_of_Lcd_Set_Cursor   (abs)        0000
__size_of_Lcd_Write_Char   (abs)        0000
__size_of_Lcd_Write_String (abs)        0000
__size_of_Setup            (abs)        0000
__size_of_USARTcon         (abs)        0000
__size_of___awdiv          (abs)        0000
__size_of___bmul           (abs)        0000
__size_of___wmul           (abs)        0000
__size_of_conver           (abs)        0000
__size_of_envio            (abs)        0000
__size_of_main             (abs)        0000
__size_of_num_ascii        (abs)        0000
__stringbase               strings      0645
__stringtab                strings      0636
_anlec                     bssBANK0     004F
_conver                    text1        0478
_envio                     text21       0247
_main                      maintext     034E
_nowadc                    bssBANK0     0050
_num_ascii                 text13       0501
_res                       bssBANK0     003C
_signo                     bssCOMMON    0076
_sum                       bssBANK0     003D
_toggleTX                  bssCOMMON    0077
_v1                        bssCOMMON    0079
_v2                        bssBANK0     0051
btemp                      (abs)        007E
clear_ram0                 clrtext      06CC
conver@AC3                 cstackBANK0  0021
conver@AD3                 cstackCOMMON 0074
conver@AU3                 cstackCOMMON 0075
conver@temporal            cstackBANK0  0022
end_of_initialization      cinit        0022
interrupt_function         intentry     0004
intlevel0                  functab      0000
intlevel1                  functab      0000
intlevel2                  functab      0000
intlevel3                  functab      0000
intlevel4                  functab      0000
intlevel5                  functab      0000
num_ascii@num              cstackBANK0  0020
reset_vec                  reset_vec    0000
saved_w                    (abs)        007E
start                      init         000C
start_initialization       cinit        000F
wtemp0                     (abs)        007E


MODULE INFORMATION

Module		Function		Class		Link	Load	Size
C:\Program Files\Microchip\xc8\v2.32\pic\sources\c90\common\Umul8.c
		___bmul        		CODE           	0689	0000	23

C:\Program Files\Microchip\xc8\v2.32\pic\sources\c90\common\Umul8.c estimated size: 23

USART.c
		_USARTcon      		CODE           	06A0	0000	22

USART.c estimated size: 22

LCD_libreria.c
		_Lcd_Write_String		CODE           	0432	0000	70
		_Lcd_Init      		CODE           	0670	0000	25
		_Lcd_Write_Char		CODE           	06B6	0000	22
		_Lcd_Cmd       		CODE           	0655	0000	27
		_Lcd_Set_Cursor		CODE           	0610	0000	38
		_Lcd_Port      		CODE           	06D4	0000	6

LCD_libreria.c estimated size: 188

shared
		__stringtab    		STRING         	0636	0000	16
		__initialization		CODE           	000F	0000	19

shared estimated size: 35

ADC.c
		_ADC_init      		CODE           	01A7	0000	160

ADC.c estimated size: 160

C:\Program Files\Microchip\xc8\v2.32\pic\sources\c90\common\awdiv.c
		___awdiv       		CODE           	03C9	0000	105

C:\Program Files\Microchip\xc8\v2.32\pic\sources\c90\common\awdiv.c estimated size: 105

C:\Program Files\Microchip\xc8\v2.32\pic\sources\c90\common\Umul16.c
		___wmul        		CODE           	05E9	0000	39

C:\Program Files\Microchip\xc8\v2.32\pic\sources\c90\common\Umul16.c estimated size: 39

main.c
		_LECT2         		CODE           	0026	0000	207
		_ISR           		CODE           	05B6	0000	51
		_LECT3         		CODE           	02CE	0000	128
		_main          		CODE           	034E	0000	123
		_Setup         		CODE           	0542	0000	61
		_ADCL          		CODE           	04BD	0000	68
		_envio         		CODE           	0247	0000	135
		_LECT1         		CODE           	00F5	0000	178
		_conver        		CODE           	0478	0000	69
		_CONTADOR      		CODE           	057F	0000	55

main.c estimated size: 1075

ASCII.c
		_num_ascii     		CODE           	0501	0000	65

ASCII.c estimated size: 65

